
> agendar-app@0.1.0 type-check
> tsc --noEmit

src/app/api/webhooks/whatsapp/route.ts(29,43): error TS2769: No overload matches this call.
  Overload 1 of 2, '(values: never, options?: { count?: "exact" | "planned" | "estimated" | undefined; } | undefined): PostgrestFilterBuilder<{ PostgrestVersion: "12"; }, never, never, null, "message_log", never, "POST">', gave the following error.
    Argument of type '{ tenant_id: string; patient_id: string; direction: "out" | "in"; type: string | null; status: string; wa_message_id: string | null; payload_json: unknown; }' is not assignable to parameter of type 'never'.
  Overload 2 of 2, '(values: never[], options?: { count?: "exact" | "planned" | "estimated" | undefined; defaultToNull?: boolean | undefined; } | undefined): PostgrestFilterBuilder<{ PostgrestVersion: "12"; }, never, never, null, "message_log", never, "POST">', gave the following error.
    Object literal may only specify known properties, and 'tenant_id' does not exist in type 'never[]'.
src/app/api/webhooks/whatsapp/route.ts(58,15): error TS2345: Argument of type '{ opt_out: boolean; opt_out_at: string; }' is not assignable to parameter of type 'never'.
src/app/api/webhooks/whatsapp/route.ts(92,17): error TS2345: Argument of type '{ status: string; }' is not assignable to parameter of type 'never'.
src/app/api/webhooks/whatsapp/route.ts(93,31): error TS2339: Property 'id' does not exist on type 'never'.
src/app/api/webhooks/whatsapp/route.ts(101,17): error TS2345: Argument of type '{ status: string; }' is not assignable to parameter of type 'never'.
src/app/api/webhooks/whatsapp/route.ts(102,31): error TS2339: Property 'id' does not exist on type 'never'.
src/app/api/webhooks/whatsapp/route.ts(114,17): error TS2345: Argument of type '{ status: string; }' is not assignable to parameter of type 'never'.
src/app/api/webhooks/whatsapp/route.ts(115,31): error TS2339: Property 'id' does not exist on type 'never'.
src/app/api/webhooks/whatsapp/route.ts(162,30): error TS2339: Property 'id' does not exist on type 'never'.
src/app/api/webhooks/whatsapp/route.ts(173,32): error TS2339: Property 'id' does not exist on type 'never'.
src/lib/jobs/reminders.ts(25,59): error TS2339: Property 'start_at' does not exist on type 'never'.
src/lib/jobs/reminders.ts(33,52): error TS2339: Property 'start_at' does not exist on type 'never'.
src/lib/jobs/reminders.ts(38,8): error TS2769: No overload matches this call.
  Overload 1 of 2, '(values: never, options?: { count?: "exact" | "planned" | "estimated" | undefined; } | undefined): PostgrestFilterBuilder<{ PostgrestVersion: "12"; }, never, never, null, "message_log", never, "POST">', gave the following error.
    Argument of type '{ tenant_id: any; patient_id: any; appointment_id: any; direction: string; type: "reminder_24h" | "reminder_2h"; status: string; payload_json: { hoursAhead: 2 | 24; }; }' is not assignable to parameter of type 'never'.
  Overload 2 of 2, '(values: never[], options?: { count?: "exact" | "planned" | "estimated" | undefined; defaultToNull?: boolean | undefined; } | undefined): PostgrestFilterBuilder<{ PostgrestVersion: "12"; }, never, never, null, "message_log", never, "POST">', gave the following error.
    Object literal may only specify known properties, and 'tenant_id' does not exist in type 'never[]'.
src/lib/jobs/reminders.ts(39,25): error TS2339: Property 'tenant_id' does not exist on type 'never'.
src/lib/jobs/reminders.ts(40,26): error TS2339: Property 'patient_id' does not exist on type 'never'.
src/lib/jobs/reminders.ts(41,30): error TS2339: Property 'id' does not exist on type 'never'.
src/lib/jobs/waitlist.ts(21,31): error TS2339: Property 'location_id' does not exist on type 'never'.
src/lib/jobs/waitlist.ts(22,29): error TS2339: Property 'tenant_id' does not exist on type 'never'.
src/lib/jobs/waitlist.ts(35,25): error TS2339: Property 'start_at' does not exist on type 'never'.
src/lib/jobs/waitlist.ts(36,25): error TS2339: Property 'start_at' does not exist on type 'never'.
src/lib/jobs/waitlist.ts(40,47): error TS2769: No overload matches this call.
  Overload 1 of 2, '(values: never, options?: { count?: "exact" | "planned" | "estimated" | undefined; } | undefined): PostgrestFilterBuilder<{ PostgrestVersion: "12"; }, never, never, null, "message_log", never, "POST">', gave the following error.
    Argument of type '{ tenant_id: any; patient_id: any; appointment_id: any; direction: string; type: "waitlist_offer"; status: string; }' is not assignable to parameter of type 'never'.
  Overload 2 of 2, '(values: never[], options?: { count?: "exact" | "planned" | "estimated" | undefined; defaultToNull?: boolean | undefined; } | undefined): PostgrestFilterBuilder<{ PostgrestVersion: "12"; }, never, never, null, "message_log", never, "POST">', gave the following error.
    Object literal may only specify known properties, and 'tenant_id' does not exist in type 'never[]'.
src/lib/jobs/waitlist.ts(41,25): error TS2339: Property 'tenant_id' does not exist on type 'never'.
src/lib/jobs/waitlist.ts(43,30): error TS2339: Property 'id' does not exist on type 'never'.
src/lib/scheduling.ts(2,10): error TS2724: '"date-fns-tz"' has no exported member named 'utcToZonedTime'. Did you mean 'toZonedTime'?
src/lib/scheduling.ts(2,26): error TS2305: Module '"date-fns-tz"' has no exported member 'zonedTimeToUtc'.
src/lib/supabase/server.ts(8,5): error TS2353: Object literal may only specify known properties, and 'headers' does not exist in type '{ cookies: () => ReadonlyRequestCookies; }'.
